// Jest Snapshot v1, https://goo.gl/fbAQLP

exports[`Dashboard  <Dashboard> should render correctly  1`] = `
"<Styled(WithStyles(ForwardRef(Container)))>
  <Styled(WithStyles(ForwardRef(TextField))) data-test=\\"input\\" defaultValue={1} id=\\"standard-basic\\" label=\\"Amount\\" onChange={[Function: onChange]} />
  <styled.p data-test=\\"error\\">
    1
  </styled.p>
  <Styled(WithStyles(ForwardRef(Container))) classes={{...}}>
    <styled.h3 id=\\"discrete-slider-always\\" gutterBottom={true}>
      Months
    </styled.h3>
    <Styled(WithStyles(ForwardRef(Slider))) classes={{...}} data-test=\\"slider\\" aria-labelledby=\\"discrete-slider-always\\" getAriaValueText={[Function: valuetext]} defaultValue={1} onChange={[Function: onChange]} step={1} min={1} max={48} valueLabelDisplay=\\"on\\" marks={{...}} />
  </Styled(WithStyles(ForwardRef(Container)))>
  <styled.h2>
    Total: £
    1
  </styled.h2>
  <styled.h3>
    Monthly Payment: £
    1.0
  </styled.h3>
</Styled(WithStyles(ForwardRef(Container)))>"
`;
