// Jest Snapshot v1, https://goo.gl/fbAQLP

exports[`Dashboard  <Dashboard> should render correctly  1`] = `
"<Styled(WithStyles(ForwardRef(Container)))>
  <Styled(WithStyles(ForwardRef(TextField))) data-test=\\"input\\" defaultValue={1} id=\\"standard-basic\\" label=\\"Amount\\" onChange={[Function: onChange]} />
  <styled.p data-test=\\"error\\">
    1
  </styled.p>
  <Styled(WithStyles(ForwardRef(Container))) classes={{...}}>
    <WithStyles(ForwardRef(Typography)) id=\\"discrete-slider-always\\" gutterBottom={true}>
      Months
    </WithStyles(ForwardRef(Typography))>
    <Styled(WithStyles(ForwardRef(Slider))) classes={{...}} data-test=\\"slider\\" aria-labelledby=\\"discrete-slider-always\\" getAriaValueText={[Function: valuetext]} defaultValue={1} onChange={[Function: onChange]} step={1} min={1} max={48} valueLabelDisplay=\\"on\\" />
  </Styled(WithStyles(ForwardRef(Container)))>
  <WithStyles(ForwardRef(Typography)) variant=\\"h5\\">
    Total:
    <span style={{...}} data-test=\\"total\\">
      £
      1
    </span>
  </WithStyles(ForwardRef(Typography))>
  <WithStyles(ForwardRef(Typography)) variant=\\"h6\\">
    Monthly Payment:
    <span style={{...}}>
      £
      1.0
    </span>
     
  </WithStyles(ForwardRef(Typography))>
</Styled(WithStyles(ForwardRef(Container)))>"
`;
